// Jest Snapshot v1, https://goo.gl/fbAQLP

exports[`Components Testing Should test for the calculator component 1`] = `
<div
  className="calculator"
>
  <div
    className="result"
  >
    <p>
      0
    </p>
  </div>
  <button
    className="AC"
    onClick={[Function]}
    type="button"
  >
    AC
  </button>
  <button
    className="plusnsub"
    onClick={[Function]}
    type="button"
  >
    +/-
  </button>
  <button
    className="percentage"
    onClick={[Function]}
    type="button"
  >
    %
  </button>
  <button
    className="division orange"
    onClick={[Function]}
    type="button"
  >
    รท
  </button>
  <button
    className="seven"
    onClick={[Function]}
    type="button"
  >
    7
  </button>
  <button
    className="eight"
    onClick={[Function]}
    type="button"
  >
    8
  </button>
  <button
    className="nine"
    onClick={[Function]}
    type="button"
  >
    9
  </button>
  <button
    className="multi orange"
    onClick={[Function]}
    type="button"
  >
    x
  </button>
  <button
    className="four"
    onClick={[Function]}
    type="button"
  >
    4
  </button>
  <button
    className="five"
    onClick={[Function]}
    type="button"
  >
    5
  </button>
  <button
    className="six"
    onClick={[Function]}
    type="button"
  >
    6
  </button>
  <button
    className="substract orange"
    onClick={[Function]}
    type="button"
  >
    -
  </button>
  <button
    className="one"
    onClick={[Function]}
    type="button"
  >
    1
  </button>
  <button
    className="two"
    onClick={[Function]}
    type="button"
  >
    2
  </button>
  <button
    className="three"
    onClick={[Function]}
    type="button"
  >
    3
  </button>
  <button
    className="plus orange"
    onClick={[Function]}
    type="button"
  >
    +
  </button>
  <button
    className="zeroo"
    onClick={[Function]}
    type="button"
  >
    0
  </button>
  <button
    className="dott"
    onClick={[Function]}
    type="button"
  >
    .
  </button>
  <button
    className="equal orange"
    onClick={[Function]}
    type="button"
  >
    =
  </button>
</div>
`;
